// Jest Snapshot v1, https://goo.gl/fbAQLP

exports[`config should load default values 1`] = `
Object {
  "baseAPIRoute": "api",
  "db": Object {
    "uri": "mongodb://{인스턴스의 외부 IP}:27017/testdb",
  },
  "environment": "dev",
  "jwtsecret": "yoursecretkey",
  "messageTimeout": 500,
  "messagebus": "amqp://rabbitmq",
  "name": "User Management Service",
  "port": 8080,
  "services": Object {},
  "startedMessage": "User Management Service is running on port 8080/",
}
`;
